18:03:46 **** Incremental Build of configuration Debug for project Ejercicio_delayNB_2_Baez ****
make -j4 all 
arm-none-eabi-gcc "../Src/main.c" -mcpu=cortex-m4 -std=gnu11 -g3 -DDEBUG -DSTM32 -DSTM32F429ZITx -DSTM32F4 -DNUCLEO_F429ZI -DUSE_HAL_DRIVER -DSTM32F429xx -c -I../Inc -I"/home/felix/Tp_patricio_cese/PdM_workspace/Ejercicio_delayNB_2_Baez/Drivers/STM32F4xx_HAL_Driver/Inc" -I"/home/felix/Tp_patricio_cese/PdM_workspace/Ejercicio_delayNB_2_Baez/Drivers/CMSIS/Include" -I"/home/felix/Tp_patricio_cese/PdM_workspace/Ejercicio_delayNB_2_Baez/Drivers/CMSIS/Device/ST/STM32F4xx/Include" -I"/home/felix/Tp_patricio_cese/PdM_workspace/Ejercicio_delayNB_2_Baez/Drivers/BSP/STM32F4xx_Nucleo_144" -I"/home/felix/Tp_patricio_cese/PdM_workspace/Ejercicio_delayNB_2_Baez/Drivers/Core/Inc" -O0 -ffunction-sections -fdata-sections -Wall -fstack-usage -MMD -MP -MF"Src/main.d" -MT"Src/main.o" --specs=nano.specs -mfpu=fpv4-sp-d16 -mfloat-abi=hard -mthumb -o "Src/main.o"
arm-none-eabi-gcc -o "Ejercicio_delayNB_2_Baez.elf" @"objects.list"   -mcpu=cortex-m4 -T"/home/felix/Tp_patricio_cese/PdM_workspace/Ejercicio_delayNB_2_Baez/STM32F429ZITX_FLASH.ld" --specs=nosys.specs -Wl,-Map="Ejercicio_delayNB_2_Baez.map" -Wl,--gc-sections -static --specs=nano.specs -mfpu=fpv4-sp-d16 -mfloat-abi=hard -mthumb -Wl,--start-group -lc -lm -Wl,--end-group
Finished building target: Ejercicio_delayNB_2_Baez.elf
 
arm-none-eabi-size   Ejercicio_delayNB_2_Baez.elf 
arm-none-eabi-objdump -h -S  Ejercicio_delayNB_2_Baez.elf  > "Ejercicio_delayNB_2_Baez.list"
   text	   data	    bss	    dec	    hex	filename
   6536	     32	   1568	   8136	   1fc8	Ejercicio_delayNB_2_Baez.elf
Finished building: default.size.stdout
 
Finished building: Ejercicio_delayNB_2_Baez.list
 

18:03:50 Build Finished. 0 errors, 0 warnings. (took 4s.356ms)

