17:10:36 **** Incremental Build of configuration Debug for project Practica_4-1 ****
make -j4 all 
arm-none-eabi-gcc "../Src/main.c" -mcpu=cortex-m4 -std=gnu11 -g3 -DDEBUG -DSTM32 -DSTM32F429ZITx -DSTM32F4 -DNUCLEO_F429ZI -DUSE_HAL_DRIVER -DSTM32F429xx -c -I../Inc -I"/home/felix/Tp_patricio_cese/PdM_workspace/Practica_4-1/Drivers/STM32F4xx_HAL_Driver/Inc" -I"/home/felix/Tp_patricio_cese/PdM_workspace/Practica_4-1/Drivers/CMSIS/Include" -I"/home/felix/Tp_patricio_cese/PdM_workspace/Practica_4-1/Drivers/CMSIS/Device/ST/STM32F4xx/Include" -I"/home/felix/Tp_patricio_cese/PdM_workspace/Practica_4-1/Drivers/BSP/STM32F4xx_Nucleo_144" -I"/home/felix/Tp_patricio_cese/PdM_workspace/Practica_4-1/Drivers/Core/Inc" -I"/home/felix/Tp_patricio_cese/PdM_workspace/Practica_4-1/Drivers/API/Inc" -O0 -ffunction-sections -fdata-sections -Wall -fstack-usage -MMD -MP -MF"Src/main.d" -MT"Src/main.o" --specs=nano.specs -mfpu=fpv4-sp-d16 -mfloat-abi=hard -mthumb -o "Src/main.o"
arm-none-eabi-gcc -o "Practica_4-1.elf" @"objects.list"   -mcpu=cortex-m4 -T"/home/felix/Tp_patricio_cese/PdM_workspace/Practica_4-1/STM32F429ZITX_FLASH.ld" --specs=nosys.specs -Wl,-Map="Practica_4-1.map" -Wl,--gc-sections -static --specs=nano.specs -mfpu=fpv4-sp-d16 -mfloat-abi=hard -mthumb -Wl,--start-group -lc -lm -Wl,--end-group
Finished building target: Practica_4-1.elf
 
arm-none-eabi-size   Practica_4-1.elf 
arm-none-eabi-objdump -h -S  Practica_4-1.elf  > "Practica_4-1.list"
   text	   data	    bss	    dec	    hex	filename
   6968	     36	   1588	   8592	   2190	Practica_4-1.elf
Finished building: default.size.stdout
 
Finished building: Practica_4-1.list
 
17:12:07 **** Incremental Build of configuration Debug for project Practica_4-1 ****
make -j4 all 
arm-none-eabi-gcc "../Src/main.c" -mcpu=cortex-m4 -std=gnu11 -g3 -DDEBUG -DSTM32 -DSTM32F429ZITx -DSTM32F4 -DNUCLEO_F429ZI -DUSE_HAL_DRIVER -DSTM32F429xx -c -I../Inc -I"/home/felix/Tp_patricio_cese/PdM_workspace/Practica_4-1/Drivers/STM32F4xx_HAL_Driver/Inc" -I"/home/felix/Tp_patricio_cese/PdM_workspace/Practica_4-1/Drivers/CMSIS/Include" -I"/home/felix/Tp_patricio_cese/PdM_workspace/Practica_4-1/Drivers/CMSIS/Device/ST/STM32F4xx/Include" -I"/home/felix/Tp_patricio_cese/PdM_workspace/Practica_4-1/Drivers/BSP/STM32F4xx_Nucleo_144" -I"/home/felix/Tp_patricio_cese/PdM_workspace/Practica_4-1/Drivers/Core/Inc" -I"/home/felix/Tp_patricio_cese/PdM_workspace/Practica_4-1/Drivers/API/Inc" -O0 -ffunction-sections -fdata-sections -Wall -fstack-usage -MMD -MP -MF"Src/main.d" -MT"Src/main.o" --specs=nano.specs -mfpu=fpv4-sp-d16 -mfloat-abi=hard -mthumb -o "Src/main.o"
arm-none-eabi-gcc -o "Practica_4-1.elf" @"objects.list"   -mcpu=cortex-m4 -T"/home/felix/Tp_patricio_cese/PdM_workspace/Practica_4-1/STM32F429ZITX_FLASH.ld" --specs=nosys.specs -Wl,-Map="Practica_4-1.map" -Wl,--gc-sections -static --specs=nano.specs -mfpu=fpv4-sp-d16 -mfloat-abi=hard -mthumb -Wl,--start-group -lc -lm -Wl,--end-group
Finished building target: Practica_4-1.elf
 
arm-none-eabi-size   Practica_4-1.elf 
arm-none-eabi-objdump -h -S  Practica_4-1.elf  > "Practica_4-1.list"
   text	   data	    bss	    dec	    hex	filename
   6968	     36	   1588	   8592	   2190	Practica_4-1.elf
Finished building: default.size.stdout
 
Finished building: Practica_4-1.list
 
17:12:27 **** Incremental Build of configuration Debug for project Practica_4-1 ****
make -j4 all 
arm-none-eabi-size   Practica_4-1.elf 
   text	   data	    bss	    dec	    hex	filename
   6968	     36	   1588	   8592	   2190	Practica_4-1.elf
Finished building: default.size.stdout
 
17:26:21 **** Build of configuration Debug for project Practica_n3 ****
make -j4 all 
arm-none-eabi-gcc "../Src/main.c" -mcpu=cortex-m4 -std=gnu11 -g3 -DDEBUG -DSTM32 -DSTM32F429ZITx -DSTM32F4 -DNUCLEO_F429ZI -DUSE_HAL_DRIVER -DSTM32F429xx -c -I../Inc -I"/home/felix/Tp_patricio_cese/PdM_workspace/Practica_n3/Drivers/STM32F4xx_HAL_Driver/Inc" -I"/home/felix/Tp_patricio_cese/PdM_workspace/Practica_n3/Drivers/CMSIS/Include" -I"/home/felix/Tp_patricio_cese/PdM_workspace/Practica_n3/Drivers/CMSIS/Device/ST/STM32F4xx/Include" -I"/home/felix/Tp_patricio_cese/PdM_workspace/Practica_n3/Drivers/BSP/STM32F4xx_Nucleo_144" -I"/home/felix/Tp_patricio_cese/PdM_workspace/Practica_n3/Drivers/Core/Inc" -I"/home/felix/Tp_patricio_cese/PdM_workspace/Practica_n3/Drivers/API/Inc" -O0 -ffunction-sections -fdata-sections -Wall -fstack-usage -MMD -MP -MF"Src/main.d" -MT"Src/main.o" --specs=nano.specs -mfpu=fpv4-sp-d16 -mfloat-abi=hard -mthumb -o "Src/main.o"
arm-none-eabi-gcc "../Drivers/STM32F4xx_HAL_Driver/Src/stm32f4xx_hal_msp.c" -mcpu=cortex-m4 -std=gnu11 -g3 -DDEBUG -DSTM32 -DSTM32F429ZITx -DSTM32F4 -DNUCLEO_F429ZI -DUSE_HAL_DRIVER -DSTM32F429xx -c -I../Inc -I"/home/felix/Tp_patricio_cese/PdM_workspace/Practica_n3/Drivers/STM32F4xx_HAL_Driver/Inc" -I"/home/felix/Tp_patricio_cese/PdM_workspace/Practica_n3/Drivers/CMSIS/Include" -I"/home/felix/Tp_patricio_cese/PdM_workspace/Practica_n3/Drivers/CMSIS/Device/ST/STM32F4xx/Include" -I"/home/felix/Tp_patricio_cese/PdM_workspace/Practica_n3/Drivers/BSP/STM32F4xx_Nucleo_144" -I"/home/felix/Tp_patricio_cese/PdM_workspace/Practica_n3/Drivers/Core/Inc" -I"/home/felix/Tp_patricio_cese/PdM_workspace/Practica_n3/Drivers/API/Inc" -O0 -ffunction-sections -fdata-sections -Wall -fstack-usage -MMD -MP -MF"Drivers/STM32F4xx_HAL_Driver/Src/stm32f4xx_hal_msp.d" -MT"Drivers/STM32F4xx_HAL_Driver/Src/stm32f4xx_hal_msp.o" --specs=nano.specs -mfpu=fpv4-sp-d16 -mfloat-abi=hard -mthumb -o "Drivers/STM32F4xx_HAL_Driver/Src/stm32f4xx_hal_msp.o"
arm-none-eabi-gcc "../Drivers/Core/Src/stm32f4xx_it.c" -mcpu=cortex-m4 -std=gnu11 -g3 -DDEBUG -DSTM32 -DSTM32F429ZITx -DSTM32F4 -DNUCLEO_F429ZI -DUSE_HAL_DRIVER -DSTM32F429xx -c -I../Inc -I"/home/felix/Tp_patricio_cese/PdM_workspace/Practica_n3/Drivers/STM32F4xx_HAL_Driver/Inc" -I"/home/felix/Tp_patricio_cese/PdM_workspace/Practica_n3/Drivers/CMSIS/Include" -I"/home/felix/Tp_patricio_cese/PdM_workspace/Practica_n3/Drivers/CMSIS/Device/ST/STM32F4xx/Include" -I"/home/felix/Tp_patricio_cese/PdM_workspace/Practica_n3/Drivers/BSP/STM32F4xx_Nucleo_144" -I"/home/felix/Tp_patricio_cese/PdM_workspace/Practica_n3/Drivers/Core/Inc" -I"/home/felix/Tp_patricio_cese/PdM_workspace/Practica_n3/Drivers/API/Inc" -O0 -ffunction-sections -fdata-sections -Wall -fstack-usage -MMD -MP -MF"Drivers/Core/Src/stm32f4xx_it.d" -MT"Drivers/Core/Src/stm32f4xx_it.o" --specs=nano.specs -mfpu=fpv4-sp-d16 -mfloat-abi=hard -mthumb -o "Drivers/Core/Src/stm32f4xx_it.o"
arm-none-eabi-gcc -o "Practica_n3.elf" @"objects.list"   -mcpu=cortex-m4 -T"/home/felix/Tp_patricio_cese/PdM_workspace/Practica_n3/STM32F429ZITX_FLASH.ld" --specs=nosys.specs -Wl,-Map="Practica_n3.map" -Wl,--gc-sections -static --specs=nano.specs -mfpu=fpv4-sp-d16 -mfloat-abi=hard -mthumb -Wl,--start-group -lc -lm -Wl,--end-group
Finished building target: Practica_n3.elf
 
arm-none-eabi-size   Practica_n3.elf 
arm-none-eabi-objdump -h -S  Practica_n3.elf  > "Practica_n3.list"
   text	   data	    bss	    dec	    hex	filename
   6572	     32	   1568	   8172	   1fec	Practica_n3.elf
Finished building: default.size.stdout
 
Finished building: Practica_n3.list
 
17:30:35 **** Incremental Build of configuration Debug for project Practica_n3 ****
make -j4 all 
arm-none-eabi-size   Practica_n3.elf 
   text	   data	    bss	    dec	    hex	filename
   6572	     32	   1568	   8172	   1fec	Practica_n3.elf
Finished building: default.size.stdout
 
17:30:48 **** Incremental Build of configuration Debug for project Practica_n3 ****
make -j4 all 
arm-none-eabi-size   Practica_n3.elf 
   text	   data	    bss	    dec	    hex	filename
   6572	     32	   1568	   8172	   1fec	Practica_n3.elf
Finished building: default.size.stdout
 
17:32:04 **** Incremental Build of configuration Debug for project Practica_n3 ****
make -j4 all 
arm-none-eabi-gcc "../Src/main.c" -mcpu=cortex-m4 -std=gnu11 -g3 -DDEBUG -DSTM32 -DSTM32F429ZITx -DSTM32F4 -DNUCLEO_F429ZI -DUSE_HAL_DRIVER -DSTM32F429xx -c -I../Inc -I"/home/felix/Tp_patricio_cese/PdM_workspace/Practica_n3/Drivers/STM32F4xx_HAL_Driver/Inc" -I"/home/felix/Tp_patricio_cese/PdM_workspace/Practica_n3/Drivers/CMSIS/Include" -I"/home/felix/Tp_patricio_cese/PdM_workspace/Practica_n3/Drivers/CMSIS/Device/ST/STM32F4xx/Include" -I"/home/felix/Tp_patricio_cese/PdM_workspace/Practica_n3/Drivers/BSP/STM32F4xx_Nucleo_144" -I"/home/felix/Tp_patricio_cese/PdM_workspace/Practica_n3/Drivers/Core/Inc" -I"/home/felix/Tp_patricio_cese/PdM_workspace/Practica_n3/Drivers/API/Inc" -O0 -ffunction-sections -fdata-sections -Wall -fstack-usage -MMD -MP -MF"Src/main.d" -MT"Src/main.o" --specs=nano.specs -mfpu=fpv4-sp-d16 -mfloat-abi=hard -mthumb -o "Src/main.o"
arm-none-eabi-gcc -o "Practica_n3.elf" @"objects.list"   -mcpu=cortex-m4 -T"/home/felix/Tp_patricio_cese/PdM_workspace/Practica_n3/STM32F429ZITX_FLASH.ld" --specs=nosys.specs -Wl,-Map="Practica_n3.map" -Wl,--gc-sections -static --specs=nano.specs -mfpu=fpv4-sp-d16 -mfloat-abi=hard -mthumb -Wl,--start-group -lc -lm -Wl,--end-group
Finished building target: Practica_n3.elf
 
arm-none-eabi-size   Practica_n3.elf 
arm-none-eabi-objdump -h -S  Practica_n3.elf  > "Practica_n3.list"
   text	   data	    bss	    dec	    hex	filename
   6564	     32	   1568	   8164	   1fe4	Practica_n3.elf
Finished building: default.size.stdout
 
Finished building: Practica_n3.list
 
17:32:20 **** Incremental Build of configuration Debug for project Practica_n3 ****
make -j4 all 
arm-none-eabi-size   Practica_n3.elf 
   text	   data	    bss	    dec	    hex	filename
   6564	     32	   1568	   8164	   1fe4	Practica_n3.elf
Finished building: default.size.stdout
 
18:31:16 **** Incremental Build of configuration Debug for project Practica_4-1 ****
make -j4 all 
arm-none-eabi-gcc "../Src/main.c" -mcpu=cortex-m4 -std=gnu11 -g3 -DDEBUG -DSTM32 -DSTM32F429ZITx -DSTM32F4 -DNUCLEO_F429ZI -DUSE_HAL_DRIVER -DSTM32F429xx -c -I../Inc -I"/home/felix/Tp_patricio_cese/PdM_workspace/Practica_4-1/Drivers/STM32F4xx_HAL_Driver/Inc" -I"/home/felix/Tp_patricio_cese/PdM_workspace/Practica_4-1/Drivers/CMSIS/Include" -I"/home/felix/Tp_patricio_cese/PdM_workspace/Practica_4-1/Drivers/CMSIS/Device/ST/STM32F4xx/Include" -I"/home/felix/Tp_patricio_cese/PdM_workspace/Practica_4-1/Drivers/BSP/STM32F4xx_Nucleo_144" -I"/home/felix/Tp_patricio_cese/PdM_workspace/Practica_4-1/Drivers/Core/Inc" -I"/home/felix/Tp_patricio_cese/PdM_workspace/Practica_4-1/Drivers/API/Inc" -O0 -ffunction-sections -fdata-sections -Wall -fstack-usage -MMD -MP -MF"Src/main.d" -MT"Src/main.o" --specs=nano.specs -mfpu=fpv4-sp-d16 -mfloat-abi=hard -mthumb -o "Src/main.o"
arm-none-eabi-gcc -o "Practica_4-1.elf" @"objects.list"   -mcpu=cortex-m4 -T"/home/felix/Tp_patricio_cese/PdM_workspace/Practica_4-1/STM32F429ZITX_FLASH.ld" --specs=nosys.specs -Wl,-Map="Practica_4-1.map" -Wl,--gc-sections -static --specs=nano.specs -mfpu=fpv4-sp-d16 -mfloat-abi=hard -mthumb -Wl,--start-group -lc -lm -Wl,--end-group
Finished building target: Practica_4-1.elf
 
arm-none-eabi-size   Practica_4-1.elf 
arm-none-eabi-objdump -h -S  Practica_4-1.elf  > "Practica_4-1.list"
   text	   data	    bss	    dec	    hex	filename
   6976	     36	   1588	   8600	   2198	Practica_4-1.elf
Finished building: default.size.stdout
 
Finished building: Practica_4-1.list
 
18:33:52 **** Incremental Build of configuration Debug for project Practica_4-1 ****
make -j4 all 
arm-none-eabi-size   Practica_4-1.elf 
   text	   data	    bss	    dec	    hex	filename
   6976	     36	   1588	   8600	   2198	Practica_4-1.elf
Finished building: default.size.stdout
 
18:34:12 **** Incremental Build of configuration Debug for project Practica_4-1 ****
make -j4 all 
arm-none-eabi-size   Practica_4-1.elf 
   text	   data	    bss	    dec	    hex	filename
   6976	     36	   1588	   8600	   2198	Practica_4-1.elf
Finished building: default.size.stdout
 
18:34:25 **** Incremental Build of configuration Debug for project Practica_4-1 ****
make -j4 all 
arm-none-eabi-size   Practica_4-1.elf 
   text	   data	    bss	    dec	    hex	filename
   6976	     36	   1588	   8600	   2198	Practica_4-1.elf
Finished building: default.size.stdout
 
18:37:25 **** Incremental Build of configuration Debug for project Practica_4-2 ****
make -j4 all 
arm-none-eabi-gcc "../Drivers/API/Src/API_debounce.c" -mcpu=cortex-m4 -std=gnu11 -g3 -DDEBUG -DSTM32 -DSTM32F429ZITx -DSTM32F4 -DNUCLEO_F429ZI -DUSE_HAL_DRIVER -DSTM32F429xx -c -I../Inc -I"/home/felix/Tp_patricio_cese/PdM_workspace/Practica_4-2/Drivers/STM32F4xx_HAL_Driver/Inc" -I"/home/felix/Tp_patricio_cese/PdM_workspace/Practica_4-2/Drivers/CMSIS/Include" -I"/home/felix/Tp_patricio_cese/PdM_workspace/Practica_4-2/Drivers/CMSIS/Device/ST/STM32F4xx/Include" -I"/home/felix/Tp_patricio_cese/PdM_workspace/Practica_4-2/Drivers/BSP/STM32F4xx_Nucleo_144" -I"/home/felix/Tp_patricio_cese/PdM_workspace/Practica_4-2/Drivers/Core/Inc" -I"/home/felix/Tp_patricio_cese/PdM_workspace/Practica_4-2/Drivers/API/Inc" -O0 -ffunction-sections -fdata-sections -Wall -fstack-usage -MMD -MP -MF"Drivers/API/Src/API_debounce.d" -MT"Drivers/API/Src/API_debounce.o" --specs=nano.specs -mfpu=fpv4-sp-d16 -mfloat-abi=hard -mthumb -o "Drivers/API/Src/API_debounce.o"
arm-none-eabi-gcc -o "Practica_4-2.elf" @"objects.list"   -mcpu=cortex-m4 -T"/home/felix/Tp_patricio_cese/PdM_workspace/Practica_4-2/STM32F429ZITX_FLASH.ld" --specs=nosys.specs -Wl,-Map="Practica_4-2.map" -Wl,--gc-sections -static --specs=nano.specs -mfpu=fpv4-sp-d16 -mfloat-abi=hard -mthumb -Wl,--start-group -lc -lm -Wl,--end-group
Finished building target: Practica_4-2.elf
 
arm-none-eabi-size   Practica_4-2.elf 
arm-none-eabi-objdump -h -S  Practica_4-2.elf  > "Practica_4-2.list"
   text	   data	    bss	    dec	    hex	filename
   7092	     36	   1596	   8724	   2214	Practica_4-2.elf
Finished building: default.size.stdout
 
Finished building: Practica_4-2.list
 
18:38:05 **** Incremental Build of configuration Debug for project Practica_4-2 ****
make -j4 all 
arm-none-eabi-size   Practica_4-2.elf 
   text	   data	    bss	    dec	    hex	filename
   7092	     36	   1596	   8724	   2214	Practica_4-2.elf
Finished building: default.size.stdout
 
18:43:47 **** Incremental Build of configuration Debug for project Practica_4-2 ****
make -j4 all 
arm-none-eabi-gcc "../Src/main.c" -mcpu=cortex-m4 -std=gnu11 -g3 -DDEBUG -DSTM32 -DSTM32F429ZITx -DSTM32F4 -DNUCLEO_F429ZI -DUSE_HAL_DRIVER -DSTM32F429xx -c -I../Inc -I"/home/felix/Tp_patricio_cese/PdM_workspace/Practica_4-2/Drivers/STM32F4xx_HAL_Driver/Inc" -I"/home/felix/Tp_patricio_cese/PdM_workspace/Practica_4-2/Drivers/CMSIS/Include" -I"/home/felix/Tp_patricio_cese/PdM_workspace/Practica_4-2/Drivers/CMSIS/Device/ST/STM32F4xx/Include" -I"/home/felix/Tp_patricio_cese/PdM_workspace/Practica_4-2/Drivers/BSP/STM32F4xx_Nucleo_144" -I"/home/felix/Tp_patricio_cese/PdM_workspace/Practica_4-2/Drivers/Core/Inc" -I"/home/felix/Tp_patricio_cese/PdM_workspace/Practica_4-2/Drivers/API/Inc" -O0 -ffunction-sections -fdata-sections -Wall -fstack-usage -MMD -MP -MF"Src/main.d" -MT"Src/main.o" --specs=nano.specs -mfpu=fpv4-sp-d16 -mfloat-abi=hard -mthumb -o "Src/main.o"
arm-none-eabi-gcc "../Drivers/API/Src/API_debounce.c" -mcpu=cortex-m4 -std=gnu11 -g3 -DDEBUG -DSTM32 -DSTM32F429ZITx -DSTM32F4 -DNUCLEO_F429ZI -DUSE_HAL_DRIVER -DSTM32F429xx -c -I../Inc -I"/home/felix/Tp_patricio_cese/PdM_workspace/Practica_4-2/Drivers/STM32F4xx_HAL_Driver/Inc" -I"/home/felix/Tp_patricio_cese/PdM_workspace/Practica_4-2/Drivers/CMSIS/Include" -I"/home/felix/Tp_patricio_cese/PdM_workspace/Practica_4-2/Drivers/CMSIS/Device/ST/STM32F4xx/Include" -I"/home/felix/Tp_patricio_cese/PdM_workspace/Practica_4-2/Drivers/BSP/STM32F4xx_Nucleo_144" -I"/home/felix/Tp_patricio_cese/PdM_workspace/Practica_4-2/Drivers/Core/Inc" -I"/home/felix/Tp_patricio_cese/PdM_workspace/Practica_4-2/Drivers/API/Inc" -O0 -ffunction-sections -fdata-sections -Wall -fstack-usage -MMD -MP -MF"Drivers/API/Src/API_debounce.d" -MT"Drivers/API/Src/API_debounce.o" --specs=nano.specs -mfpu=fpv4-sp-d16 -mfloat-abi=hard -mthumb -o "Drivers/API/Src/API_debounce.o"
arm-none-eabi-gcc -o "Practica_4-2.elf" @"objects.list"   -mcpu=cortex-m4 -T"/home/felix/Tp_patricio_cese/PdM_workspace/Practica_4-2/STM32F429ZITX_FLASH.ld" --specs=nosys.specs -Wl,-Map="Practica_4-2.map" -Wl,--gc-sections -static --specs=nano.specs -mfpu=fpv4-sp-d16 -mfloat-abi=hard -mthumb -Wl,--start-group -lc -lm -Wl,--end-group
Finished building target: Practica_4-2.elf
 
arm-none-eabi-size   Practica_4-2.elf 
arm-none-eabi-objdump -h -S  Practica_4-2.elf  > "Practica_4-2.list"
   text	   data	    bss	    dec	    hex	filename
   7104	     36	   1596	   8736	   2220	Practica_4-2.elf
Finished building: default.size.stdout
 
Finished building: Practica_4-2.list
 
18:45:14 **** Incremental Build of configuration Debug for project Practica_4-2 ****
make -j4 all 
arm-none-eabi-size   Practica_4-2.elf 
   text	   data	    bss	    dec	    hex	filename
   7104	     36	   1596	   8736	   2220	Practica_4-2.elf
Finished building: default.size.stdout
 
18:45:35 **** Incremental Build of configuration Debug for project Practica_4-2 ****
make -j4 all 
arm-none-eabi-size   Practica_4-2.elf 
   text	   data	    bss	    dec	    hex	filename
   7104	     36	   1596	   8736	   2220	Practica_4-2.elf
Finished building: default.size.stdout
 
18:48:05 **** Incremental Build of configuration Debug for project Practica_4-1 ****
make -j4 all 
arm-none-eabi-gcc "../Src/main.c" -mcpu=cortex-m4 -std=gnu11 -g3 -DDEBUG -DSTM32 -DSTM32F429ZITx -DSTM32F4 -DNUCLEO_F429ZI -DUSE_HAL_DRIVER -DSTM32F429xx -c -I../Inc -I"/home/felix/Tp_patricio_cese/PdM_workspace/Practica_4-1/Drivers/STM32F4xx_HAL_Driver/Inc" -I"/home/felix/Tp_patricio_cese/PdM_workspace/Practica_4-1/Drivers/CMSIS/Include" -I"/home/felix/Tp_patricio_cese/PdM_workspace/Practica_4-1/Drivers/CMSIS/Device/ST/STM32F4xx/Include" -I"/home/felix/Tp_patricio_cese/PdM_workspace/Practica_4-1/Drivers/BSP/STM32F4xx_Nucleo_144" -I"/home/felix/Tp_patricio_cese/PdM_workspace/Practica_4-1/Drivers/Core/Inc" -I"/home/felix/Tp_patricio_cese/PdM_workspace/Practica_4-1/Drivers/API/Inc" -O0 -ffunction-sections -fdata-sections -Wall -fstack-usage -MMD -MP -MF"Src/main.d" -MT"Src/main.o" --specs=nano.specs -mfpu=fpv4-sp-d16 -mfloat-abi=hard -mthumb -o "Src/main.o"
arm-none-eabi-gcc -o "Practica_4-1.elf" @"objects.list"   -mcpu=cortex-m4 -T"/home/felix/Tp_patricio_cese/PdM_workspace/Practica_4-1/STM32F429ZITX_FLASH.ld" --specs=nosys.specs -Wl,-Map="Practica_4-1.map" -Wl,--gc-sections -static --specs=nano.specs -mfpu=fpv4-sp-d16 -mfloat-abi=hard -mthumb -Wl,--start-group -lc -lm -Wl,--end-group
Finished building target: Practica_4-1.elf
 
arm-none-eabi-size   Practica_4-1.elf 
arm-none-eabi-objdump -h -S  Practica_4-1.elf  > "Practica_4-1.list"
   text	   data	    bss	    dec	    hex	filename
   6976	     36	   1588	   8600	   2198	Practica_4-1.elf
Finished building: default.size.stdout
 
Finished building: Practica_4-1.list
 
